error: Unknown arguments provided: ["fnord"]
 --> tests/compile_fail/extra_attr_types.rs:5:5
  |
5 |     #[rpc(response = Bla, fnord = Foo)]
  |     ^
