error: rpc requires a response type
 --> tests/compile_fail/wrong_attr_types.rs:5:5
  |
5 |     #[rpc(fnord = Bla)]
  |     ^
